// Jest Snapshot v1, https://goo.gl/fbAQLP

exports[`Tests for Contact page renders correctly 1`] = `
<Layout
  color={
    Object {
      "hex": "#000",
    }
  }
  menuBackground={
    Object {
      "hex": "#000",
    }
  }
  menuColor={
    Object {
      "hex": "#fff",
    }
  }
  path="/test"
>
  <SEO
    keywords={
      Array [
        "contact",
      ]
    }
    lang="en"
    meta={Array []}
    title="Contact"
  />
  <div
    style={Object {}}
  >
    <h3
      style={
        Object {
          "color": "#6e297a",
          "fontSize": "18px",
          "marginBottom": "10px",
        }
      }
    >
      Contact
    </h3>
    <span
      style={
        Object {
          "display": "block",
        }
      }
    >
      Felix Dahlstr√∂m Persson
    </span>
    <span
      style={
        Object {
          "display": "block",
        }
      }
    >
      Thorvald Meyers Gate 71A
    </span>
    <span
      style={
        Object {
          "display": "block",
        }
      }
    >
      0552 Oslo, Norway
    </span>
    <span
      style={
        Object {
          "display": "block",
        }
      }
    >
      dahlstrom.persson@gmail.com
    </span>
  </div>
</Layout>
`;
