// Jest Snapshot v1, https://goo.gl/fbAQLP

exports[`Tests for SEO renders correctly 1`] = `
<mockConstructor
  render={[Function]}
/>
`;
